
Memory Configuration

Name             Origin             Length             Attributes
ram              0x80000000         0x00500000         xrw
*default*        0x00000000         0xffffffff

Linker script and memory map

                0x00000000                __DYNAMIC=0x0
                0x00400000                PROVIDE (__stack, 0x400000)
                0x00000000                PROVIDE (hardware_init_hook, 0x0)
                0x00000000                PROVIDE (_hardware_init_hook, 0x0)
                0x00000000                PROVIDE (software_init_hook, 0x0)
                0x00000000                PROVIDE (_software_init_hook, 0x0)

.text           0x80000000     0xbef0
 *(.text)
 .text          0x80000000     0x5436 S2_HorizonBox_v0.o
                0x80004d6e                S2_HorizonBox_v0EventHandler00049
                0x800019bc                S2_HorizonBox_v0EventHandler00004
                0x80002d02                S2_HorizonBox_v0EventHandler0001E
                0x800027bc                S2_HorizonBox_v0EventHandler00017
                0x800045e4                S2_HorizonBox_v0EventHandler0003F
                0x8000421e                S2_HorizonBox_v0EventHandler0003A
                0x80001a94                S2_HorizonBox_v0EventHandler00005
                0x800017f2                S2_HorizonBox_v0EventHandler00001
                0x80004b2a                S2_HorizonBox_v0EventHandler00046
                0x80005072                S2_HorizonBox_v0EventHandler0004D
                0x80003188                S2_HorizonBox_v0EventHandler00024
                0x80003f1a                S2_HorizonBox_v0EventHandler00036
                0x80003006                S2_HorizonBox_v0EventHandler00022
                0x800023f6                S2_HorizonBox_v0EventHandler00012
                0x800052b4                S2_HorizonBox_v0EventHandler00050
                0x80002ac0                S2_HorizonBox_v0EventHandler0001B
                0x800029fe                S2_HorizonBox_v0EventHandler0001A
                0x80004766                S2_HorizonBox_v0EventHandler00041
                0x800051f4                S2_HorizonBox_v0EventHandler0004F
                0x80001dee                S2_HorizonBox_v0EventHandler0000A
                0x800021b4                S2_HorizonBox_v0EventHandler0000F
                0x80004e2e                S2_HorizonBox_v0EventHandler0004A
                0x80004462                S2_HorizonBox_v0EventHandler0003D
                0x80001d2e                S2_HorizonBox_v0EventHandler00009
                0x80001bac                S2_HorizonBox_v0EventHandler00007
                0x8000293e                S2_HorizonBox_v0EventHandler00019
                0x80002274                S2_HorizonBox_v0EventHandler00010
                0x80003fdc                S2_HorizonBox_v0EventHandler00037
                0x80003c16                S2_HorizonBox_v0EventHandler00032
                0x80003b56                S2_HorizonBox_v0EventHandler00031
                0x80003790                S2_HorizonBox_v0EventHandler0002C
                0x80002336                S2_HorizonBox_v0EventHandler00011
                0x80004fb0                S2_HorizonBox_v0EventHandler0004C
                0x80003912                S2_HorizonBox_v0EventHandler0002E
                0x80003852                S2_HorizonBox_v0EventHandler0002D
                0x800046a4                S2_HorizonBox_v0EventHandler00040
                0x800016f2                S2_HorizonBox_v0EventHandler00000
                0x80004a6a                S2_HorizonBox_v0EventHandler00045
                0x80002b80                S2_HorizonBox_v0EventHandler0001C
                0x800033cc                S2_HorizonBox_v0EventHandler00027
                0x80004ef0                S2_HorizonBox_v0EventHandler0004B
                0x80003e5a                S2_HorizonBox_v0EventHandler00035
                0x8000324a                S2_HorizonBox_v0EventHandler00025
                0x80002578                S2_HorizonBox_v0EventHandler00014
                0x800020f2                S2_HorizonBox_v0EventHandler0000E
                0x800043a0                S2_HorizonBox_v0EventHandler0003C
                0x800049a8                S2_HorizonBox_v0EventHandler00044
                0x8000409c                S2_HorizonBox_v0EventHandler00038
                0x8000330a                S2_HorizonBox_v0EventHandler00026
                0x80002f46                S2_HorizonBox_v0EventHandler00021
                0x80001eb0                S2_HorizonBox_v0EventHandler0000B
                0x8000360e                S2_HorizonBox_v0EventHandler0002A
                0x80004522                S2_HorizonBox_v0EventHandler0003E
                0x8000149a                S2_HorizonBox_v0_EventHandler
                0x8000415e                S2_HorizonBox_v0EventHandler00039
                0x80002032                S2_HorizonBox_v0EventHandler0000D
                0x800039d4                S2_HorizonBox_v0EventHandler0002F
                0x8000263a                S2_HorizonBox_v0EventHandler00015
                0x800024b8                S2_HorizonBox_v0EventHandler00013
                0x80001f70                S2_HorizonBox_v0EventHandler0000C
                0x8000190c                S2_HorizonBox_v0EventHandler00003
                0x80004cac                S2_HorizonBox_v0EventHandler00048
                0x80004bec                S2_HorizonBox_v0EventHandler00047
                0x800006ac                S2_HorizonBox_v0EventHandler00002
                0x800048e8                S2_HorizonBox_v0EventHandler00043
                0x80001c6c                S2_HorizonBox_v0EventHandler00008
                0x80004826                S2_HorizonBox_v0EventHandler00042
                0x80002dc4                S2_HorizonBox_v0EventHandler0001F
                0x80005376                S2_HorizonBox_v0EventHandler00051
                0x80003a94                S2_HorizonBox_v0EventHandler00030
                0x80003d98                S2_HorizonBox_v0EventHandler00034
                0x80005132                S2_HorizonBox_v0EventHandler0004E
                0x800036d0                S2_HorizonBox_v0EventHandler0002B
                0x8000287c                S2_HorizonBox_v0EventHandler00018
                0x800026fa                S2_HorizonBox_v0EventHandler00016
                0x800030c8                S2_HorizonBox_v0EventHandler00023
                0x8000348c                S2_HorizonBox_v0EventHandler00028
                0x80002c42                S2_HorizonBox_v0EventHandler0001D
                0x8000354e                S2_HorizonBox_v0EventHandler00029
                0x800015ae                S2_HorizonBox_v0_main
                0x800042e0                S2_HorizonBox_v0EventHandler0003B
                0x80002e84                S2_HorizonBox_v0EventHandler00020
                0x80001aea                S2_HorizonBox_v0EventHandler00006
                0x80003cd8                S2_HorizonBox_v0EventHandler00033
 *fill*         0x80005436        0x2
 .text          0x80005438     0x5836 library.o
                0x80009624                RotateRightLong
                0x80009c32                IsSystem
                0x80009588                Seed
                0x80006e80                Remove
                0x80009204                Ltoa
                0x80008f30                Atoi
                0x80008298                InitRampInfoArray
                0x800099de                Right
                0x8000aa0e                LockInputSema
                0x800094b2                Mod
                0x8000969a                Getc
                0x800093e6                SMuldiv
                0x80009c14                IsHidden
                0x800092ca                Min
                0x8000a822                hextosi
                0x80009db8                WriteIntegerArray
                0x8000a32e                GetSignedIntArrayElementPtr
                0x80008c52                CheckStructArray
                0x8000a836                hextosl
                0x80009f3e                WriteSignedIntegerArray
                0x8000891a                InitStringParamArray
                0x80007bec                ReadSignedLongIntegerArray
                0x80006b0e                GatherToDelimiter
                0x8000873e                InitStringArray
                0x800092a4                Max
                0x80009c6e                IsReadOnly
                0x800093ae                SMax
                0x80006cb2                GatherByLength
                0x8000913e                Chr
                0x80009d90                ReadSignedLongInteger
                0x800091bc                Itohex
                0x80008bc4                GetStructArrayElement
                0x80008eb8                UNS_SetByte
                0x800099b2                ReverseFindi
                0x80008094                ReadStringArray
                0x8000a13e                GetIntArrayElementPtr
                0x800097ee                Lower
                0x800095a4                RotateLeft
                0x8000a956                ResizeIfAutogrow
                0x800083c4                CheckInputArray
                0x800059a6                ResizeStringArray
                0x800090d0                Atosl
                0x80008ef8                High
                0x80009554                Rnd
                0x80009476                UMod
                0x800095fa                RotateLeftLong
                0x8000aa82                FindNumericChar
                0x8000a586                CheckIOArrayBounds2
                0x80009bcc                MakeProgramFilename
                0x800093ca                SMin
                0x80009722                Left
                0x80009664                CheckBufferThreshold
                0x80009d48                ReadSignedInteger
                0x80008f22                LowWord
                0x80005438                Bit
                0x80009cf8                ReadLongInteger
                0x80008d36                Byte
                0x8000a236                GetLongArrayElementPtr
                0x80009984                ReverseFind
                0x80009be2                GetSeries
                0x8000ab4e                InitTcpServer
                0x800097d6                Len
                0x8000a656                InitializeRampInfoInternal
                0x800092f0                Divide
                0x8000903c                Atol
                0x80009bd8                GetModelNumber
                0x8000a51e                CheckIOArrayBounds
                0x8000841e                CheckStringInputArray
                0x8000a000                WriteSignedLongIntegerArray
                0x80008b0e                GetStringArrayElement
                0x80009248                Ltohex
                0x80009174                Itoa
                0x800095ce                RotateRight
                0x8000716e                InternalReverseFind
                0x80009cd8                WriteLongInteger
                0x80008642                InitDynamicStringStruct
                0x80008534                SetStringArray
                0x800079ca                ReadSignedIntegerArray
                0x80008478                SetOutputArray
                0x80009c88                WriteInteger
                0x80008aa2                InitStructDynamicArray
                0x800073f8                SetString
                0x800094ee                Random
                0x80009d20                WriteSignedInteger
                0x8000569c                Find
                0x80009bec                GetProgramNumber
                0x800098c2                Mid
                0x8000aac0                InitTcpClient
                0x8000658a                ResizeStructArray
                0x8000a426                GetSignedLongArrayElementPtr
                0x8000a848                hextol
                0x80007e0e                ReadString
                0x800087d4                InitDynamicStringArray
                0x8000a92e                UpperChar
                0x80008fcc                Atosi
                0x80009cb0                ReadInteger
                0x80009362                Muldiv
                0x800084e6                SetStringOutputArray
                0x8000a0c4                WriteString
                0x80005ffe                ResizeIntegerArray
                0x8000838c                InitInOutArray
                0x800089e2                InitNvramStringArray
                0x8000928c                Abs
                0x80009432                SDivide
                0x80007588                ReadIntegerArray
                0x80005548                CompareStrings
                0x8000a906                LowerChar
                0x8000abde                InitUdpSocket
                0x8000964c                ClearBuffer
                0x80009a9a                Upper
                0x80008a7e                InitStructArray
                0x80009b70                MakeLower
                0x80009c50                IsVolume
                0x80006fda                RemoveByLength
                0x80008cce                CheckStringOutputArrayIndex
                0x80009e7a                WriteLongIntegerArray
                0x8000a702                InitRampInfoStructArray
                0x80008f14                HighWord
                0x80005810                ResizeString
                0x80009bf6                IsDirectory
                0x800077a8                ReadLongIntegerArray
                0x80008f06                Low
                0x800069b4                Gather
                0x80009b9e                MakeUpper
                0x80008604                InitStringStruct
                0x8000a5ee                CheckStringArrayBounds
                0x80009334                CheckDenominator
                0x8000a80a                hextoi
                0x80007f2c                WriteStringArray
                0x80008df6                SetByte
                0x8000a6ac                InitializeRampInfo
                0x8000aa48                UnLockInputSema
                0x80009d70                WriteSignedLongInteger
                0x800086f6                InitNvramStringStruct
 *fill*         0x8000ac6e        0x2
                0x8000ac70                .=ALIGN(0x10)
 *(.eh_frame)
                0x8000ac70                .=ALIGN(0x10)
 *(.gnu.linkonce.t.*)
                0x8000ac70                .=ALIGN(0x4)
                0x8000ac70                __CTOR_LIST__=.
                0x8000ac70                ___CTOR_LIST__=.
                0x8000ac70        0x4 LONG 0x0 (((__CTOR_END__-__CTOR_LIST__)/0x4)-0x2)
 *(.ctors)
                0x8000ac74        0x4 LONG 0x0
                0x8000ac78                __CTOR_END__=.
                0x8000ac78                __DTOR_LIST__=.
                0x8000ac78                ___DTOR_LIST__=.
                0x8000ac78        0x4 LONG 0x0 (((__DTOR_END__-__DTOR_LIST__)/0x4)-0x2)
 *(.dtors)
                0x8000ac7c        0x4 LONG 0x0
                0x8000ac80                __DTOR_END__=.
 *(.rodata)
 .rodata        0x8000ac80      0x606 S2_HorizonBox_v0.o
 .rodata        0x8000b286      0xc54 library.o
 *(.gcc_except_table)
                0x8000beda                .=ALIGN(0x2)
                0x8000beda                __INIT_SECTION__=.
                0x8000beda        0x4 LONG 0x4e560000
 *(.init)
                0x8000bede        0x2 SHORT 0x4e5e
                0x8000bee0        0x2 SHORT 0x4e75
                0x8000bee2                __FINI_SECTION__=.
                0x8000bee2        0x4 LONG 0x4e560000
 *(.fini)
                0x8000bee6        0x2 SHORT 0x4e5e
                0x8000bee8        0x2 SHORT 0x4e75
 *(.lit)
 *fill*         0x8000beea        0x6
                0x8000bef0                .=ALIGN(0x10)
                0x8000bef0                _etext=.
                0x8000bef0                etext=.

.data           0x8000bef0        0x0
                0x8000bef0                copy_start=.
 *(.shdata)
 *(.data)
 *(.gnu.linkonce.d.*)
                0x8000bef0                .=ALIGN(0x10)
                0x8000bef0                _edata=.
                0x8000bef0                copy_end=.

.got
 *(.got.plt)
 *(.got)

EntryList       0x8000bef0      0x110
 *(EntryList)
 EntryList      0x8000bef0      0x110 S2_HorizonBox_v0.o
                0x8000bef0                S2_HorizonBox_v0_Entry
                0x8000c000                .=ALIGN(0x4)

FunctionList    0x8000c000        0x4
 *(FunctionList)
 FunctionList   0x8000c000        0x4 globals.o
                0x8000c000                g_pFunctions
                0x8000c004                .=ALIGN(0x4)

.bss            0x8000c004        0x0
                0x8000c004                .=ALIGN(0x4)
                0x8000c004                __bss_start=.
 *(.shbss)
 *(.bss)
 *(COMMON)
                0x8000c008                _end=ALIGN(0x8)
                0x8000c008                __end=_end

.stab
 *(.stab)

.stabstr
 *(.stabstr)

.debug
 *(.debug)

.line
 *(.line)

.debug_srcinfo
 *(.debug_srcinfo)

.debug_sfnames
 *(.debug_sfnames)

.debug_aranges
 *(.debug_aranges)

.debug_pubnames
 *(.debug_pubnames)

.debug_info
 *(.debug_info)

.debug_abbrev
 *(.debug_abbrev)

.debug_line
 *(.debug_line)

.debug_frame
 *(.debug_frame)

.debug_str
 *(.debug_str)

.debug_loc
 *(.debug_loc)

.debug_macinfo
 *(.debug_macinfo)

.debug_weaknames
 *(.debug_weaknames)

.debug_funcnames
 *(.debug_funcnames)

.debug_typenames
 *(.debug_typenames)

.debug_varnames
 *(.debug_varnames)
LOAD S2_HorizonBox_v0.o
LOAD globals.o
LOAD library.o
OUTPUT(_S2_HorizonBox_v0.spl elf32-m68k)

.comment        0x8000c004       0x72
 .comment       0x8000c004       0x26 S2_HorizonBox_v0.o
 .comment       0x8000c02a       0x26 globals.o
 .comment       0x8000c050       0x26 library.o
